
> build
> vite build

[36mvite v5.4.21 [32mbuilding for production...[36m[39m
transforming...
[32m✓[39m 4 modules transformed.
[31mx[39m Build failed in 255ms
[31merror during build:
[31mCould not resolve "./bootstrap" from "resources/js/app.js"[31m
file: [36mC:\Users\Gaelle\Desktop\mon projet laravel\resources\js\app.js[31m
    at getRollupError (file:///C:/Users/Gaelle/Desktop/mon%20projet%20laravel/node_modules/rollup/dist/es/shared/parseAst.js:406:41)
    at error (file:///C:/Users/Gaelle/Desktop/mon%20projet%20laravel/node_modules/rollup/dist/es/shared/parseAst.js:402:42)
    at ModuleLoader.handleInvalidResolvedId (file:///C:/Users/Gaelle/Desktop/mon%20projet%20laravel/node_modules/rollup/dist/es/shared/node-entry.js:21765:24)
    at file:///C:/Users/Gaelle/Desktop/mon%20projet%20laravel/node_modules/rollup/dist/es/shared/node-entry.js:21725:26[39m
